// Jest Snapshot v1, https://jestjs.io/docs/snapshot-testing

exports[`Theme should match the snapshot 1`] = `
{
  "colors": {
    "activityBar.activeBackground": "#1a1b26",
    "activityBar.activeBorder": "#7aa2f7",
    "activityBar.activeFocusBorder": "#7aa2f7",
    "activityBar.background": "#1f2230",
    "activityBar.border": "#1a1b26",
    "activityBar.dropBorder": "#7aa2f7",
    "activityBar.foreground": "#7aa2f7",
    "activityBar.inactiveForeground": "#7b87b6",
    "activityBarBadge.background": "#0078d4",
    "activityBarBadge.foreground": "#ffffff",
    "activityErrorBadge.background": "#f38095",
    "activityErrorBadge.foreground": "#1a1b26",
    "activityWarningBadge.background": "#f7de70",
    "activityWarningBadge.foreground": "#1a1b26",
    "badge.background": "#0078d4",
    "badge.foreground": "#ffffff",
    "button.background": "#0078d4",
    "button.border": "#3d59a1",
    "button.foreground": "#ffffff",
    "button.hoverBackground": "#1f88d9",
    "button.secondaryBackground": "#1f2230",
    "button.secondaryForeground": "#9aaae9",
    "button.secondaryHoverBackground": "#232634",
    "button.separator": "#202230",
    "commandCenter.activeBackground": "#232739",
    "commandCenter.background": "#1a1b26",
    "commandCenter.border": "#202230",
    "debugExceptionWidget.background": "#232739",
    "debugExceptionWidget.border": "#363c55",
    "debugIcon.breakpointCurrentStackframeForeground": "#7aa2f7",
    "debugIcon.breakpointDisabledForeground": "#f7768e80",
    "debugIcon.breakpointForeground": "#f7768e",
    "debugIcon.breakpointStackframeForeground": undefined,
    "debugIcon.breakpointUnverifiedForeground": "#e0af68",
    "debugToolBar.background": "#232739",
    "debugToolBar.border": "#7aa2f766",
    "descriptionForeground": "#7b87b6",
    "diffEditor.diagonalFill": "#232739",
    "diffEditor.insertedLineBackground": "#9ece6a14",
    "diffEditor.insertedTextBackground": "#9ece6a1f",
    "diffEditor.removedLineBackground": "#f7768e14",
    "diffEditor.removedTextBackground": "#f7768e1f",
    "disabledForeground": "#7b87b6",
    "dropdown.background": "#1a1b26",
    "dropdown.border": "#202230",
    "dropdown.foreground": "#9aaae9",
    "dropdown.listBackground": "#1a1b26",
    "editor.background": "#1a1b26",
    "editor.findMatchBackground": "#bb9af733",
    "editor.findMatchBorder": "#3d59a100",
    "editor.findMatchForeground": "#9aaae9",
    "editor.findMatchHighlightBackground": "#bb9af740",
    "editor.focusedStackFrameHighlightBackground": "#2358ca33",
    "editor.foldPlaceholderForeground": "#7b87b6",
    "editor.foreground": "#9aaae9",
    "editor.hoverHighlightBackground": "#9aaae91f",
    "editor.inactiveSelectionBackground": "#1a1b2600",
    "editor.lineHighlightBackground": "#1f2230",
    "editor.placeholder.foreground": "#6b78a8",
    "editor.rangeHighlightBackground": "#9aaae91f",
    "editor.selectionBackground": "#2358ca",
    "editor.selectionHighlightBackground": "#bb9af740",
    "editor.selectionHighlightBorder": "#3d59a100",
    "editor.stackFrameHighlightBackground": "#9aaae91f",
    "editor.wordHighlightBackground": "#9aaae91f",
    "editor.wordHighlightStrongBackground": "#2358ca33",
    "editorCursor.foreground": "#9aaae9",
    "editorGroup.border": "#202230",
    "editorGroup.dropBackground": "#23273933",
    "editorGroup.emptyBackground": "#1a1b26",
    "editorGroup.focusedEmptyBorder": "#7aa2f7",
    "editorGroupHeader.noTabsBackground": "#1f2230",
    "editorGroupHeader.tabsBackground": "#1f2230",
    "editorGroupHeader.tabsBorder": "#202230",
    "editorHoverWidget.background": "#1a1b26",
    "editorHoverWidget.border": "#363c55",
    "editorHoverWidget.foreground": "#9aaae9",
    "editorHoverWidget.highlightForeground": "#565f89",
    "editorIndentGuide.activeBackground1": "#202230",
    "editorIndentGuide.background1": "#1f2230",
    "editorLineNumber.activeForeground": "#9aaae9",
    "editorLineNumber.foreground": "#363c54",
    "editorLink.activeForeground": "#3d59a1",
    "editorOverviewRuler.findMatchForeground": "#3d59a100",
    "editorOverviewRuler.rangeHighlightForeground": undefined,
    "editorOverviewRuler.selectionHighlightForeground": "#3d59a100",
    "editorOverviewRuler.wordHighlightForeground": "#9aaae91f",
    "editorOverviewRuler.wordHighlightStrongForeground": "#2358ca33",
    "editorStickyScroll.background": "#1f2230",
    "editorStickyScrollHover.background": "#9aaae91f",
    "editorSuggestWidget.background": "#232739",
    "editorSuggestWidget.border": "#363c55",
    "editorSuggestWidget.highlightForeground": "#3d59a1",
    "editorSuggestWidget.selectedBackground": "#2358ca33",
    "editorSuggestWidget.selectedForeground": "#9aaae9",
    "editorSuggestWidget.selectedIconForeground": "#9aaae9",
    "editorWidget.background": "#1f2230",
    "editorWidget.border": "#363c55",
    "errorForeground": "#f7768e",
    "extensionBadge.remoteBackground": "#0078d4",
    "extensionBadge.remoteForeground": "#ffffff",
    "focusBorder": "#202230",
    "foreground": "#9aaae9",
    "icon.foreground": "#9aaae9",
    "inlineChat.background": "#182031",
    "inlineChat.border": "#202230",
    "inlineChat.foreground": "#ffffff",
    "inlineChatInput.placeholderForeground": "#6b78a8",
    "input.background": "#1f2230",
    "input.border": "#202230",
    "input.foreground": "#9aaae9",
    "input.placeholderForeground": "#6b78a8",
    "inputOption.activeBorder": "#3d59a1",
    "list.activeSelectionBackground": "#2358ca33",
    "list.activeSelectionForeground": "#9aaae9",
    "list.dropBackground": "#23273933",
    "list.filterMatchBackground": "#bb9af740",
    "list.filterMatchBorder": undefined,
    "list.focusBackground": "#2358ca33",
    "list.focusForeground": "#9aaae9",
    "list.highlightForeground": "#3d59a1",
    "list.hoverBackground": "#9aaae91f",
    "list.hoverForeground": "#9aaae9",
    "list.inactiveSelectionBackground": "#9aaae91f",
    "list.inactiveSelectionForeground": "#9aaae9",
    "menu.background": "#1a1b26",
    "menu.border": "#202230",
    "menu.foreground": "#9aaae9",
    "menu.selectionBackground": "#1a1b2600",
    "menu.selectionBorder": "#3d59a1",
    "menu.selectionForeground": "#9aaae9",
    "menu.separatorBackground": "#363c55",
    "menubar.selectionBackground": "#1a1b2600",
    "menubar.selectionBorder": "#3d59a1",
    "menubar.selectionForeground": "#9aaae9",
    "merge.border": "#202230",
    "merge.commonContentBackground": "#e0af680d",
    "merge.commonHeaderBackground": "#e0af681a",
    "merge.currentContentBackground": "#9ece6a0f",
    "merge.currentHeaderBackground": "#9ece6a1f",
    "merge.incomingContentBackground": "#7aa2f70f",
    "merge.incomingHeaderBackground": "#7aa2f71f",
    "minimap.findMatchHighlight": "#bb9af780",
    "minimap.selectionHighlight": "#2358ca33",
    "notifications.background": "#1f2230",
    "notifications.border": "#202230",
    "notifications.foreground": "#9aaae9",
    "panel.background": "#1a1b26",
    "panel.border": "#202230",
    "panel.dropBorder": "#7aa2f7",
    "panelSection.border": "#363c54",
    "panelSection.dropBackground": "#23273933",
    "panelSectionHeader.background": "#1a1b26",
    "panelSectionHeader.border": "#363c54",
    "panelSectionHeader.foreground": "#9aaae9",
    "panelTitle.activeBorder": "#7aa2f7",
    "panelTitle.activeForeground": "#9aaae9",
    "panelTitle.border": "#202230",
    "panelTitle.inactiveForeground": "#7b87b6",
    "panelTitleBadge.background": "#0078d4",
    "panelTitleBadge.foreground": "#ffffff",
    "peekViewEditor.background": "#1f2230",
    "peekViewEditor.matchHighlightBackground": "#7aa2f72e",
    "peekViewResult.background": "#1f2230",
    "peekViewResult.matchHighlightBackground": "#7aa2f72e",
    "peekViewResult.selectionBackground": "#7aa2f733",
    "peekViewTitle.background": "#232739",
    "quickInput.background": "#1f2230",
    "quickInput.foreground": "#9aaae9",
    "quickInputList.focusBackground": "#2358ca33",
    "quickInputList.focusForeground": "#9aaae9",
    "quickInputTitle.background": "#232739",
    "scrollbar.shadow": "#272b40",
    "scrollbarSlider.activeBackground": "#2358ca33",
    "scrollbarSlider.background": "#9aaae91f",
    "scrollbarSlider.hoverBackground": "#2358ca29",
    "searchEditor.findMatchBackground": "#bb9af740",
    "searchEditor.findMatchBorder": "#3d59a100",
    "selection.background": "#2358ca",
    "sideBar.background": "#181923",
    "sideBar.border": "#202230",
    "sideBar.foreground": "#9aaae9",
    "sideBarSectionHeader.background": "#232739",
    "sideBarSectionHeader.foreground": "#9aaae9",
    "statusBar.background": "#1f2230",
    "statusBar.border": "#202230",
    "statusBar.debuggingBackground": "#f7768e",
    "statusBar.debuggingForeground": "#ffffff",
    "statusBar.focusBorder": "#7aa2f7",
    "statusBar.foreground": "#7b87b6",
    "statusBar.noFolderBackground": "#1f2230",
    "statusBarItem.activeBackground": "#202230",
    "statusBarItem.compactHoverBackground": "#232739",
    "statusBarItem.focusBorder": "#7aa2f7",
    "statusBarItem.hoverBackground": "#232739",
    "statusBarItem.hoverForeground": "#9aaae9",
    "statusBarItem.prominentBackground": "#f7768e",
    "statusBarItem.prominentForeground": "#ffffff",
    "statusBarItem.prominentHoverBackground": "#ff9e64",
    "statusBarItem.prominentHoverForeground": "#ffffff",
    "statusBarItem.remoteBackground": "#0078d4",
    "statusBarItem.remoteForeground": "#ffffff",
    "statusBarItem.remoteHoverBackground": "#1f88d9",
    "statusBarItem.remoteHoverForeground": "#ffffff",
    "tab.activeBackground": "#1a1b26",
    "tab.activeBorderTop": "#7aa2f7",
    "tab.activeForeground": "#9aaae9",
    "tab.border": "#202230",
    "tab.hoverBackground": "#9aaae91f",
    "tab.hoverForeground": "#9aaae9",
    "tab.inactiveBackground": "#1f2230",
    "tab.inactiveForeground": "#7b87b6",
    "tab.lastPinnedBorder": "#363c55",
    "tab.unfocusedActiveBackground": undefined,
    "tab.unfocusedActiveForeground": undefined,
    "tab.unfocusedInactiveForeground": "#7b87b699",
    "terminal.ansiBlack": "#1a1b26",
    "terminal.ansiBlue": "#3d59a1",
    "terminal.ansiBrightBlack": "#363c54",
    "terminal.ansiBrightBlue": "#3d59a1",
    "terminal.ansiBrightCyan": "#3d59a1",
    "terminal.ansiBrightGreen": "#b9f27c",
    "terminal.ansiBrightMagenta": "#ff8dce",
    "terminal.ansiBrightRed": "#ff8b99",
    "terminal.ansiBrightWhite": "#ffffff",
    "terminal.ansiBrightYellow": "#ffdd7a",
    "terminal.ansiCyan": "#3d59a1",
    "terminal.ansiGreen": "#9ece6a",
    "terminal.ansiMagenta": "#bb9af7",
    "terminal.ansiRed": "#f7768e",
    "terminal.ansiWhite": "#dfe2db",
    "terminal.ansiYellow": "#e0af68",
    "terminal.background": "#1a1b26",
    "terminal.border": "#202230",
    "terminal.dropBackground": "#23273933",
    "terminal.findMatchBackground": "#bb9af733",
    "terminal.findMatchBorder": "#3d59a100",
    "terminal.findMatchHighlightBackground": "#bb9af740",
    "terminal.foreground": "#9aaae9",
    "terminal.hoverHighlightBackground": undefined,
    "terminal.inactiveSelectionBackground": "#9aaae91f",
    "terminal.selectionBackground": "#2358ca33",
    "terminalCommandDecoration.defaultBackground": "#2358ca33",
    "terminalCommandDecoration.errorBackground": "#f7768e33",
    "terminalCommandDecoration.successBackground": "#9ece6a33",
    "textBlockQuote.background": "#232739",
    "textBlockQuote.border": "#7aa2f759",
    "textLink.activeForeground": "#3d59a1",
    "textLink.foreground": "#3d59a1",
    "titleBar.activeBackground": "#1f2230",
    "titleBar.activeForeground": "#9aaae9",
    "titleBar.border": "#202230",
    "titleBar.inactiveBackground": "#1f2230",
    "titleBar.inactiveForeground": "#7b87b6",
    "toolbar.activeBackground": "#7aa2f733",
    "toolbar.hoverBackground": "#9aaae91f",
    "toolbar.hoverOutline": "#1a1b2600",
    "widget.border": "#363c55",
    "widget.shadow": undefined,
  },
  "name": "Tokyo Night Modern",
  "tokenColors": [
    {
      "name": "Comment",
      "scope": [
        "comment",
        "punctuation.definition.comment",
      ],
      "settings": {
        "fontStyle": "italic",
        "foreground": "#6b78a8",
      },
    },
    {
      "name": "Comment Documentation",
      "scope": [
        "comment.block.documentation",
        "comment.line.documentation",
      ],
      "settings": {
        "fontStyle": "italic",
        "foreground": "#565f89",
      },
    },
    {
      "name": "Comment TODO/FIXME",
      "scope": [
        "comment keyword.codetag",
      ],
      "settings": {
        "fontStyle": "bold",
        "foreground": "#e0af68",
      },
    },
    {
      "name": "String",
      "scope": [
        "string",
        "punctuation.definition.string",
      ],
      "settings": {
        "foreground": "#9ece6a",
      },
    },
    {
      "name": "Number",
      "scope": [
        "constant.numeric",
      ],
      "settings": {
        "foreground": "#ff9e64",
      },
    },
    {
      "name": "Boolean",
      "scope": [
        "constant.language.boolean",
      ],
      "settings": {
        "foreground": "#f7768e",
      },
    },
    {
      "name": "Keyword",
      "scope": [
        "keyword",
      ],
      "settings": {
        "foreground": "#bb9af7",
      },
    },
    {
      "name": "Operator",
      "scope": [
        "keyword.operator",
      ],
      "settings": {
        "foreground": "#7dcfff",
      },
    },
    {
      "name": "Storage",
      "scope": [
        "storage",
      ],
      "settings": {
        "foreground": "#bb9af7",
      },
    },
    {
      "name": "Storage Type",
      "scope": [
        "storage.type",
      ],
      "settings": {
        "foreground": "#e0af68",
      },
    },
    {
      "name": "Entity Name",
      "scope": [
        "entity.name",
      ],
      "settings": {
        "foreground": "#c0caf5",
      },
    },
    {
      "name": "Entity Name Type",
      "scope": [
        "entity.name.type",
      ],
      "settings": {
        "foreground": "#e0af68",
      },
    },
    {
      "name": "Variable",
      "scope": [
        "variable",
        "support.variable",
      ],
      "settings": {
        "foreground": "#c0caf5",
      },
    },
    {
      "name": "Variable Parameter",
      "scope": [
        "variable.parameter",
      ],
      "settings": {
        "foreground": "#e0af68",
      },
    },
    {
      "name": "Support",
      "scope": [
        "support",
      ],
      "settings": {
        "foreground": "#7aa2f7",
      },
    },
    {
      "name": "Support Function",
      "scope": [
        "support.function",
      ],
      "settings": {
        "foreground": "#7aa2f7",
      },
    },
    {
      "name": "Invalid",
      "scope": [
        "invalid",
      ],
      "settings": {
        "foreground": "#f7768e",
      },
    },
    {
      "name": "Invalid Deprecated",
      "scope": [
        "invalid.deprecated",
      ],
      "settings": {
        "fontStyle": "strikethrough",
        "foreground": "#9d7cd8",
      },
    },
    {
      "name": "Punctuation",
      "scope": [
        "punctuation",
        "meta.brace",
      ],
      "settings": {
        "foreground": "#89ddff",
      },
    },
    {
      "name": "Punctuation Separator",
      "scope": [
        "punctuation.separator",
      ],
      "settings": {
        "foreground": "#89ddff",
      },
    },
    {
      "name": "Punctuation Accessor",
      "scope": [
        "punctuation.accessor",
      ],
      "settings": {
        "foreground": "#7aa2f7",
      },
    },
    {
      "name": "JavaScript: Keyword Control Flow",
      "scope": [
        "keyword.control.flow",
        "keyword.control.conditional",
        "keyword.control.loop",
        "keyword.control.switch",
      ],
      "settings": {
        "fontStyle": "bold",
        "foreground": "#f7768e",
      },
    },
    {
      "name": "JavaScript: Keyword Declaration",
      "scope": [
        "keyword.control.declare",
        "storage.type",
        "storage.modifier.declare",
        "keyword.other.definitelytyped",
      ],
      "settings": {
        "foreground": "#e0af68",
      },
    },
    {
      "name": "JavaScript: Keyword Import/Export",
      "scope": [
        "keyword.control.import",
        "keyword.control.export",
        "keyword.control.from",
        "keyword.control.as",
      ],
      "settings": {
        "foreground": "#bb9af7",
      },
    },
    {
      "name": "JavaScript: Keyword Type System",
      "scope": [
        "keyword.control.type",
        "keyword.interface",
        "keyword.class",
        "keyword.extends",
        "keyword.implements",
      ],
      "settings": {
        "foreground": "#e0af68",
      },
    },
    {
      "name": "JavaScript: Keyword Access Modifiers",
      "scope": [
        "storage.modifier.access",
        "storage.modifier.static",
        "storage.modifier.abstract",
        "storage.modifier.readonly",
      ],
      "settings": {
        "foreground": "#9d7cd8",
      },
    },
    {
      "name": "JavaScript: Keyword Async/Await",
      "scope": [
        "storage.modifier.async",
        "keyword.control.flow.await",
        "keyword.other.await",
      ],
      "settings": {
        "fontStyle": "bold",
        "foreground": "#7dcfff",
      },
    },
    {
      "name": "JavaScript: String Template",
      "scope": [
        "string.template",
        "string.quasi",
      ],
      "settings": {
        "foreground": "#9ece6a",
      },
    },
    {
      "name": "JavaScript: Template Expression",
      "scope": [
        "meta.embedded.expression",
        "punctuation.definition.template-expression",
      ],
      "settings": {
        "fontStyle": "bold",
        "foreground": "#7dcfff",
      },
    },
    {
      "name": "JavaScript: Function Parameter",
      "scope": [
        "variable.parameter",
        "meta.parameters variable",
      ],
      "settings": {
        "foreground": "#e0af68",
      },
    },
    {
      "name": "JavaScript: Method Call",
      "scope": [
        "variable.function",
        "entity.name.function.member",
      ],
      "settings": {
        "fontStyle": "bold",
        "foreground": "#7aa2f7",
      },
    },
    {
      "name": "JavaScript: Function Declaration",
      "scope": [
        "entity.name.function",
        "meta.function-call entity.name.function",
      ],
      "settings": {
        "foreground": "#7aa2f7",
      },
    },
    {
      "name": "JavaScript: Class Name",
      "scope": [
        "entity.name.class",
        "entity.name.type.class",
      ],
      "settings": {
        "fontStyle": "bold",
        "foreground": "#e0af68",
      },
    },
    {
      "name": "JavaScript: Interface Name",
      "scope": [
        "entity.name.type.interface",
      ],
      "settings": {
        "foreground": "#bb9af7",
      },
    },
    {
      "name": "JavaScript: Enum Name",
      "scope": [
        "entity.name.type.enum",
      ],
      "settings": {
        "foreground": "#9d7cd8",
      },
    },
    {
      "name": "JavaScript: Namespace",
      "scope": [
        "entity.name.namespace",
        "entity.name.type.module",
      ],
      "settings": {
        "foreground": "#c097d7",
      },
    },
    {
      "name": "JavaScript: Primitive Type",
      "scope": [
        "support.type.primitive",
        "keyword.type",
      ],
      "settings": {
        "foreground": "#e0af68",
      },
    },
    {
      "name": "JavaScript: Generic Type Parameter",
      "scope": [
        "entity.name.type.parameter",
      ],
      "settings": {
        "foreground": "#9d7cd8",
      },
    },
    {
      "name": "JavaScript: Union Type Operator",
      "scope": [
        "keyword.operator.type.union",
      ],
      "settings": {
        "foreground": "#7dcfff",
      },
    },
    {
      "name": "JavaScript: Built-in Type",
      "scope": [
        "support.type.builtin",
      ],
      "settings": {
        "foreground": "#e0af68",
      },
    },
    {
      "name": "JavaScript: Custom Type",
      "scope": [
        "entity.name.type",
      ],
      "settings": {
        "foreground": "#e0af68",
      },
    },
    {
      "name": "JavaScript: Arithmetic Operator",
      "scope": [
        "keyword.operator.arithmetic",
      ],
      "settings": {
        "foreground": "#7dcfff",
      },
    },
    {
      "name": "JavaScript: Comparison Operator",
      "scope": [
        "keyword.operator.comparison",
        "keyword.operator.relational",
      ],
      "settings": {
        "foreground": "#7dcfff",
      },
    },
    {
      "name": "JavaScript: Logical Operator",
      "scope": [
        "keyword.operator.logical",
      ],
      "settings": {
        "foreground": "#7dcfff",
      },
    },
    {
      "name": "JavaScript: Assignment Operator",
      "scope": [
        "keyword.operator.assignment",
      ],
      "settings": {
        "foreground": "#7dcfff",
      },
    },
    {
      "name": "JavaScript: Ternary Operator",
      "scope": [
        "keyword.operator.ternary",
      ],
      "settings": {
        "foreground": "#7dcfff",
      },
    },
    {
      "name": "JavaScript: Spread Operator",
      "scope": [
        "keyword.operator.spread",
        "keyword.operator.rest",
      ],
      "settings": {
        "foreground": "#bb9af7",
      },
    },
    {
      "name": "JavaScript: Decorator",
      "scope": [
        "entity.name.function.decorator",
        "punctuation.decorator",
      ],
      "settings": {
        "foreground": "#e0af68",
      },
    },
    {
      "name": "JavaScript: Annotation",
      "scope": [
        "storage.type.annotation",
      ],
      "settings": {
        "foreground": "#e0af68",
      },
    },
    {
      "name": "JavaScript: Attribute",
      "scope": [
        "entity.other.attribute-name.attribute",
      ],
      "settings": {
        "foreground": "#7aa2f7",
      },
    },
    {
      "name": "JavaScript: Pragma/Directive",
      "scope": [
        "meta.preprocessor",
        "keyword.other.directive",
      ],
      "settings": {
        "foreground": "#7aa2f7",
      },
    },
    {
      "name": "JS/TS: Punctuation Separator Key-Value",
      "scope": "punctuation.separator.key-value",
      "settings": {
        "foreground": "#9aaae9",
      },
    },
    {
      "name": "JS/TS: Import Keyword",
      "scope": "keyword.operator.expression.import",
      "settings": {
        "foreground": "#7aa2f7",
      },
    },
    {
      "name": "JS/TS: Math",
      "scope": "support.constant.math",
      "settings": {
        "foreground": "#e0af68",
      },
    },
    {
      "name": "JS/TS: Math Property",
      "scope": "support.constant.property.math",
      "settings": {
        "foreground": "#ff9e64",
      },
    },
    {
      "name": "JS/TS: Variable Other Constant",
      "scope": "variable.other.constant",
      "settings": {
        "foreground": "#e0af68",
      },
    },
    {
      "name": "JS/TS: Module",
      "scope": [
        "support.module.node",
        "support.type.object.module",
        "support.module.node",
      ],
      "settings": {
        "foreground": "#e0af68",
      },
    },
    {
      "name": "JS/TS: Entity Name Type Module",
      "scope": "entity.name.type.module",
      "settings": {
        "foreground": "#e0af68",
      },
    },
    {
      "name": "JS/TS: Variable Read-Write",
      "scope": [
        "variable.other.readwrite",
        "meta.object-literal.key",
        "support.variable.property",
        "support.variable.object.process",
        "support.variable.object.node",
      ],
      "settings": {
        "foreground": "#9aaae9",
      },
    },
    {
      "name": "JS/TS: JSON",
      "scope": "support.constant.json",
      "settings": {
        "foreground": "#ff9e64",
      },
    },
    {
      "name": "JS/TS: Keyword",
      "scope": [
        "keyword.operator.expression.instanceof",
        "keyword.operator.new",
        "keyword.operator.ternary",
        "keyword.operator.optional",
        "keyword.operator.expression.keyof",
      ],
      "settings": {
        "foreground": "#f7768e",
      },
    },
    {
      "name": "JS/TS: Console",
      "scope": "support.type.object.console",
      "settings": {
        "foreground": "#7aa2f7",
      },
    },
    {
      "name": "JS/TS: Console Property",
      "scope": "support.variable.property.process",
      "settings": {
        "foreground": "#ff9e64",
      },
    },
    {
      "name": "JS/TS: Console Function",
      "scope": [
        "entity.name.function",
        "support.function.console",
      ],
      "settings": {
        "foreground": "#7aa2f7",
      },
    },
    {
      "name": "JS/TS: DOM",
      "scope": "support.type.object.dom",
      "settings": {
        "foreground": "#7dcfff",
      },
    },
    {
      "name": "JS/TS: DOM Variable",
      "scope": [
        "support.variable.dom",
        "support.variable.property.dom",
      ],
      "settings": {
        "foreground": "#7aa2f7",
      },
    },
    {
      "name": "TypeScript: Primitive Type",
      "scope": "support.type.primitive.ts",
      "settings": {
        "foreground": "#e0af68",
      },
    },
    {
      "name": "TypeScript: Keyword",
      "scope": "keyword.typescript",
      "settings": {
        "fontStyle": "bold",
        "foreground": "#bb9af7",
      },
    },
    {
      "name": "TypeScript: Decorator",
      "scope": "meta.decorator.ts entity.name.function.ts",
      "settings": {
        "foreground": "#e0af68",
      },
    },
    {
      "name": "TypeScript: Type Parameter",
      "scope": "entity.name.type.parameter.ts",
      "settings": {
        "foreground": "#9d7cd8",
      },
    },
    {
      "name": "TypeScript: Enum Member",
      "scope": "variable.other.enummember.ts",
      "settings": {
        "foreground": "#ff9e64",
      },
    },
    {
      "name": "TypeScript: Namespace",
      "scope": "entity.name.namespace.ts",
      "settings": {
        "foreground": "#c097d7",
      },
    },
    {
      "name": "TypeScript: JSDoc Tags",
      "scope": [
        "storage.type.class.jsdoc",
        "entity.name.type.instance.jsdoc",
        "variable.other.jsdoc",
      ],
      "settings": {
        "foreground": "#e0af68",
      },
    },
    {
      "name": "HTML: Tag",
      "scope": "entity.name.tag",
      "settings": {
        "fontStyle": "bold",
        "foreground": "#f7768e",
      },
    },
    {
      "name": "HTML: Attribute",
      "scope": "entity.other.attribute-name",
      "settings": {
        "foreground": "#bb9af7",
      },
    },
    {
      "name": "HTML: Punctuation Tag",
      "scope": [
        "punctuation.definition.tag",
        "punctuation.definition.tag.begin",
        "punctuation.definition.tag.end",
      ],
      "settings": {
        "foreground": "#f7768e80",
      },
    },
    {
      "name": "HTML: Doctype",
      "scope": [
        "entity.name.tag.doctype",
        "meta.tag.sgml.doctype.html",
      ],
      "settings": {
        "fontStyle": "italic",
        "foreground": "#bb9af7",
      },
    },
    {
      "name": "CSS: Tag Name",
      "scope": "entity.name.tag.css",
      "settings": {
        "fontStyle": "bold",
        "foreground": "#e0af68",
      },
    },
    {
      "name": "CSS: Class Selector",
      "scope": "entity.other.attribute-name.class.css",
      "settings": {
        "foreground": "#ff9e64",
      },
    },
    {
      "name": "CSS: ID Selector",
      "scope": "entity.other.attribute-name.id.css",
      "settings": {
        "fontStyle": "bold",
        "foreground": "#fae4fc",
      },
    },
    {
      "name": "CSS: Property Name",
      "scope": "support.type.property-name.css",
      "settings": {
        "foreground": "#9aaae9",
      },
    },
    {
      "name": "CSS: Property Value",
      "scope": "support.constant.property-value.css",
      "settings": {
        "foreground": "#9ece6a",
      },
    },
    {
      "name": "CSS: Unit",
      "scope": "keyword.other.unit.css",
      "settings": {
        "foreground": "#f7768e",
      },
    },
    {
      "name": "CSS: Function",
      "scope": "support.function.misc.css",
      "settings": {
        "foreground": "#bb9af7",
      },
    },
    {
      "name": "CSS: Operator",
      "scope": [
        "keyword.operator.css",
        "keyword.operator.scss",
        "keyword.operator.less",
      ],
      "settings": {
        "foreground": "#7dcfff",
      },
    },
    {
      "name": "CSS: Color Standard Name",
      "scope": [
        "support.constant.color.w3c-standard-color-name.css",
        "support.constant.color.w3c-standard-color-name.scss",
      ],
      "settings": {
        "foreground": "#ff9e64",
      },
    },
    {
      "name": "CSS: Comma",
      "scope": "punctuation.separator.list.comma.css",
      "settings": {
        "foreground": "#c0caf5",
      },
    },
    {
      "name": "CSS: Vendored Property Name",
      "scope": "support.type.vendored.property-name.css",
      "settings": {
        "foreground": "#7aa2f7",
      },
    },
    {
      "name": "Markdown: Heading",
      "scope": [
        "markup.heading",
        "entity.name.section.markdown",
      ],
      "settings": {
        "fontStyle": "bold",
        "foreground": "#bb9af7",
      },
    },
    {
      "name": "Markdown: Emphasis",
      "scope": [
        "markup.italic",
        "markup.bold",
      ],
      "settings": {
        "foreground": "#e0af68",
      },
    },
    {
      "name": "Markdown: Link",
      "scope": [
        "markup.underline.link",
        "string.other.link",
      ],
      "settings": {
        "foreground": "#7aa2f7",
      },
    },
    {
      "name": "Markdown: Code",
      "scope": [
        "markup.inline.raw",
        "markup.fenced_code",
      ],
      "settings": {
        "foreground": "#9ece6a",
      },
    },
    {
      "name": "Markdown: Quote",
      "scope": "markup.quote",
      "settings": {
        "fontStyle": "italic",
        "foreground": "#565f89",
      },
    },
    {
      "name": "Markdown: List",
      "scope": "markup.list",
      "settings": {
        "foreground": "#9aaae9",
      },
    },
    {
      "name": "Markdown: Heading Punctuation",
      "scope": "punctuation.definition.heading.markdown",
      "settings": {
        "foreground": "#f7768e",
      },
    },
    {
      "name": "Markdown: List Punctuation",
      "scope": "punctuation.definition.list.begin.markdown",
      "settings": {
        "foreground": "#f7768e",
      },
    },
    {
      "name": "Markdown: Heading Setext",
      "scope": "markup.heading.setext",
      "settings": {
        "foreground": "#c0caf5",
      },
    },
    {
      "name": "Markdown: Bold Punctuation",
      "scope": "punctuation.definition.bold.markdown",
      "settings": {
        "foreground": "#ff9e64",
      },
    },
    {
      "name": "Markdown: Inline Raw",
      "scope": [
        "markup.inline.raw.markdown",
        "markup.inline.raw.string.markdown",
      ],
      "settings": {
        "foreground": "#9ece6a",
      },
    },
    {
      "name": "Markdown: List Punctuation Definition",
      "scope": "punctuation.definition.list.markdown",
      "settings": {
        "foreground": "#f7768e",
      },
    },
    {
      "name": "Markdown: String Punctuation",
      "scope": [
        "punctuation.definition.string.begin.markdown",
        "punctuation.definition.string.end.markdown",
        "punctuation.definition.metadata.markdown",
      ],
      "settings": {
        "foreground": "#f7768e",
      },
    },
    {
      "name": "Markdown: Beginning List Punctuation",
      "scope": "beginning.punctuation.definition.list.markdown",
      "settings": {
        "foreground": "#f7768e",
      },
    },
    {
      "name": "Markdown: Link",
      "scope": [
        "markup.underline.link.markdown",
        "markup.underline.link.image.markdown",
      ],
      "settings": {
        "foreground": "#bb9af7",
      },
    },
    {
      "name": "Markdown: Link Title",
      "scope": [
        "string.other.link.title.markdown",
        "string.other.link.description.markdown",
      ],
      "settings": {
        "foreground": "#7aa2f7",
      },
    },
    {
      "name": "JSON: Property Name",
      "scope": "support.type.property-name.json",
      "settings": {
        "fontStyle": "bold",
        "foreground": "#bb9af7",
      },
    },
    {
      "name": "JSON: String",
      "scope": "string.quoted.double.json",
      "settings": {
        "foreground": "#9ece6a",
      },
    },
    {
      "name": "JSON: Number",
      "scope": "constant.numeric.json",
      "settings": {
        "foreground": "#ff9e64",
      },
    },
    {
      "name": "JSON: Boolean",
      "scope": "constant.language.json",
      "settings": {
        "foreground": "#f7768e",
      },
    },
    {
      "name": "JSON: Null",
      "scope": "constant.language.null.json",
      "settings": {
        "foreground": "#fae4fc",
      },
    },
    {
      "name": "JSON: Meta Structure Dictionary String",
      "scope": "source.json meta.structure.dictionary.json > string.quoted.json",
      "settings": {
        "foreground": "#9ece6a",
      },
    },
    {
      "name": "JSON: Meta Structure Dictionary String Punctuation",
      "scope": "source.json meta.structure.dictionary.json > string.quoted.json > punctuation.string",
      "settings": {
        "foreground": "#89ddff",
      },
    },
    {
      "name": "JSON: Meta Structure Value String",
      "scope": [
        "source.json meta.structure.dictionary.json > value.json > string.quoted.json",
        "source.json meta.structure.array.json > value.json > string.quoted.json",
        "source.json meta.structure.dictionary.json > value.json > string.quoted.json > punctuation",
        "source.json meta.structure.array.json > value.json > string.quoted.json > punctuation",
      ],
      "settings": {
        "foreground": "#9ece6a",
      },
    },
    {
      "name": "JSON: Meta Structure Constant",
      "scope": [
        "source.json meta.structure.dictionary.json > constant.language.json",
        "source.json meta.structure.array.json > constant.language.json",
      ],
      "settings": {
        "foreground": "#7aa2f7",
      },
    },
    {
      "name": "YAML: Entity Name",
      "scope": "entity.name.tag.yaml",
      "settings": {
        "fontStyle": "bold",
        "foreground": "#bb9af7",
      },
    },
    {
      "name": "YAML: String",
      "scope": "string.unquoted.plain.out.yaml",
      "settings": {
        "foreground": "#9ece6a",
      },
    },
    {
      "name": "YAML: Constant",
      "scope": "constant.language.yaml",
      "settings": {
        "foreground": "#f7768e",
      },
    },
    {
      "name": "Python: Keyword",
      "scope": "keyword.python",
      "settings": {
        "fontStyle": "bold",
        "foreground": "#bb9af7",
      },
    },
    {
      "name": "Python: Function",
      "scope": "entity.name.function.python",
      "settings": {
        "foreground": "#7aa2f7",
      },
    },
    {
      "name": "Python: Class",
      "scope": "entity.name.type.class.python",
      "settings": {
        "fontStyle": "bold",
        "foreground": "#e0af68",
      },
    },
    {
      "name": "Python: Decorator",
      "scope": "entity.name.function.decorator.python",
      "settings": {
        "foreground": "#e0af68",
      },
    },
    {
      "name": "Python: String",
      "scope": "string.quoted.single.python",
      "settings": {
        "foreground": "#9ece6a",
      },
    },
    {
      "name": "Python: Magic Variable",
      "scope": "support.variable.magic.python",
      "settings": {
        "foreground": "#f7768e",
      },
    },
    {
      "name": "Python: Separator",
      "scope": [
        "punctuation.separator.period.python",
        "punctuation.separator.element.python",
        "punctuation.parenthesis.begin.python",
        "punctuation.parenthesis.end.python",
      ],
      "settings": {
        "foreground": "#c0caf5",
      },
    },
    {
      "name": "Python: Self Parameter",
      "scope": "variable.parameter.function.language.special.self.python",
      "settings": {
        "foreground": "#e0af68",
      },
    },
    {
      "name": "Python: Parameter",
      "scope": "variable.parameter.function.language.python",
      "settings": {
        "foreground": "#e0af68",
      },
    },
    {
      "name": "Python: Type",
      "scope": "support.type.python",
      "settings": {
        "foreground": "#7aa2f7",
      },
    },
    {
      "name": "Python: Logical Operator",
      "scope": "keyword.operator.logical.python",
      "settings": {
        "foreground": "#7dcfff",
      },
    },
    {
      "name": "Python: Function Call",
      "scope": "meta.function-call.generic.python",
      "settings": {
        "foreground": "#7aa2f7",
      },
    },
    {
      "name": "Python: Placeholder",
      "scope": "constant.character.format.placeholder.other.python",
      "settings": {
        "foreground": "#ff9e64",
      },
    },
    {
      "name": "Python: Function Decorator",
      "scope": "meta.function.decorator.python",
      "settings": {
        "foreground": "#e0af68",
      },
    },
    {
      "name": "Python: Function Support",
      "scope": [
        "support.token.decorator.python",
        "meta.function.decorator.identifier.python",
      ],
      "settings": {
        "foreground": "#7aa2f7",
      },
    },
    {
      "name": "Java: Keyword",
      "scope": "keyword.java",
      "settings": {
        "fontStyle": "bold",
        "foreground": "#bb9af7",
      },
    },
    {
      "name": "Java: Class",
      "scope": "entity.name.type.class.java",
      "settings": {
        "fontStyle": "bold",
        "foreground": "#e0af68",
      },
    },
    {
      "name": "Java: Method",
      "scope": "entity.name.function.java",
      "settings": {
        "foreground": "#7aa2f7",
      },
    },
    {
      "name": "Java: Annotation",
      "scope": "storage.type.annotation.java",
      "settings": {
        "foreground": "#e0af68",
      },
    },
    {
      "name": "Java: Type",
      "scope": [
        "storage.type.annotation.java",
        "storage.type.object.array.java",
      ],
      "settings": {
        "foreground": "#7aa2f7",
      },
    },
    {
      "name": "Java: Source",
      "scope": "source.java",
      "settings": {
        "foreground": "#f7768e",
      },
    },
    {
      "name": "Java: Punctuation",
      "scope": [
        "punctuation.section.block.begin.java",
        "punctuation.section.block.end.java",
        "punctuation.definition.method-parameters.begin.java",
        "punctuation.definition.method-parameters.end.java",
        "meta.method.identifier.java",
        "punctuation.section.method.begin.java",
        "punctuation.section.method.end.java",
        "punctuation.terminator.java",
        "punctuation.section.class.begin.java",
        "punctuation.section.class.end.java",
        "punctuation.section.inner-class.begin.java",
        "punctuation.section.inner-class.end.java",
        "meta.method-call.java",
        "punctuation.section.class.begin.bracket.curly.java",
        "punctuation.section.class.end.bracket.curly.java",
        "punctuation.section.method.begin.bracket.curly.java",
        "punctuation.section.method.end.bracket.curly.java",
        "punctuation.separator.period.java",
        "punctuation.bracket.angle.java",
        "punctuation.definition.annotation.java",
        "meta.method.body.java",
      ],
      "settings": {
        "foreground": "#c0caf5",
      },
    },
    {
      "name": "Java: Method",
      "scope": "meta.method.java",
      "settings": {
        "foreground": "#7aa2f7",
      },
    },
    {
      "name": "Java: Import",
      "scope": [
        "storage.modifier.import.java",
        "storage.type.java",
        "storage.type.generic.java",
      ],
      "settings": {
        "foreground": "#bb9af7",
      },
    },
    {
      "name": "Java: Instanceof",
      "scope": "keyword.operator.instanceof.java",
      "settings": {
        "foreground": "#7dcfff",
      },
    },
    {
      "name": "Java: Variable Name",
      "scope": "meta.definition.variable.name.java",
      "settings": {
        "foreground": "#9aaae9",
      },
    },
    {
      "name": "C++: Keyword",
      "scope": "keyword.cpp",
      "settings": {
        "fontStyle": "bold",
        "foreground": "#bb9af7",
      },
    },
    {
      "name": "C++: Class",
      "scope": "entity.name.type.class.cpp",
      "settings": {
        "fontStyle": "bold",
        "foreground": "#e0af68",
      },
    },
    {
      "name": "C++: Method",
      "scope": "entity.name.function.cpp",
      "settings": {
        "foreground": "#7aa2f7",
      },
    },
    {
      "name": "C++: Preprocessor",
      "scope": "meta.preprocessor.cpp",
      "settings": {
        "foreground": "#e0af68",
      },
    },
    {
      "name": "C++: Block",
      "scope": [
        "punctuation.section.block.begin.bracket.curly.cpp",
        "punctuation.section.block.end.bracket.curly.cpp",
        "punctuation.terminator.statement.c",
        "punctuation.section.block.begin.bracket.curly.c",
        "punctuation.section.block.end.bracket.curly.c",
        "punctuation.section.parens.begin.bracket.round.c",
        "punctuation.section.parens.end.bracket.round.c",
        "punctuation.section.parameters.begin.bracket.round.c",
        "punctuation.section.parameters.end.bracket.round.c",
      ],
      "settings": {
        "foreground": "#c0caf5",
      },
    },
    {
      "name": "C++: Operator",
      "scope": [
        "keyword.operator.assignment.c",
        "keyword.operator.comparison.c",
        "keyword.operator.c",
        "keyword.operator.increment.c",
        "keyword.operator.decrement.c",
        "keyword.operator.bitwise.shift.c",
        "keyword.operator.assignment.cpp",
        "keyword.operator.comparison.cpp",
        "keyword.operator.cpp",
        "keyword.operator.increment.cpp",
        "keyword.operator.decrement.cpp",
        "keyword.operator.bitwise.shift.cpp",
      ],
      "settings": {
        "foreground": "#7dcfff",
      },
    },
    {
      "name": "C++: Punctuation",
      "scope": [
        "punctuation.separator.c",
        "punctuation.separator.cpp",
      ],
      "settings": {
        "foreground": "#89ddff",
      },
    },
    {
      "name": "C++: Posix Type",
      "scope": [
        "support.type.posix-reserved.c",
        "support.type.posix-reserved.cpp",
      ],
      "settings": {
        "foreground": "#7aa2f7",
      },
    },
    {
      "name": "C++: Sizeof",
      "scope": [
        "keyword.operator.sizeof.c",
        "keyword.operator.sizeof.cpp",
      ],
      "settings": {
        "foreground": "#7dcfff",
      },
    },
    {
      "name": "Go: Operator",
      "scope": "keyword.operator.assignment.go",
      "settings": {
        "foreground": "#e0af68",
      },
    },
    {
      "name": "Go: Arithmetic Operator",
      "scope": [
        "keyword.operator.arithmetic.go",
        "keyword.operator.address.go",
      ],
      "settings": {
        "foreground": "#bb9af7",
      },
    },
    {
      "name": "Go: Package Name",
      "scope": "entity.name.package.go",
      "settings": {
        "foreground": "#e0af68",
      },
    },
    {
      "name": "Haskell: Variable Generic Type",
      "scope": "variable.other.generic-type.haskell",
      "settings": {
        "foreground": "#bb9af7",
      },
    },
    {
      "name": "Haskell: Storage Type",
      "scope": "storage.type.haskell",
      "settings": {
        "foreground": "#ff9e64",
      },
    },
    {
      "name": "Rust: Storage Modifier Lifetime",
      "scope": "storage.modifier.lifetime.rust",
      "settings": {
        "foreground": "#c0caf5",
      },
    },
    {
      "name": "Rust: Support Function Standard Library",
      "scope": "support.function.std.rust",
      "settings": {
        "foreground": "#7aa2f7",
      },
    },
    {
      "name": "Rust: Entity Name Lifetime",
      "scope": "entity.name.lifetime.rust",
      "settings": {
        "foreground": "#e0af68",
      },
    },
    {
      "name": "Rust: Variable Language",
      "scope": "variable.language.rust",
      "settings": {
        "foreground": "#f7768e",
      },
    },
    {
      "name": "Rust: Keyword Operator Misc",
      "scope": "keyword.operator.misc.rust",
      "settings": {
        "foreground": "#c0caf5",
      },
    },
    {
      "name": "Rust: Keyword Operator Sigil",
      "scope": "keyword.operator.sigil.rust",
      "settings": {
        "foreground": "#bb9af7",
      },
    },
    {
      "name": "Rust: Support Constant Core",
      "scope": "support.constant.core.rust",
      "settings": {
        "foreground": "#ff9e64",
      },
    },
    {
      "name": "Vue: Interpolation",
      "scope": [
        "punctuation.definition.interpolation.begin.vue",
        "punctuation.definition.interpolation.end.vue",
      ],
      "settings": {
        "foreground": "#7aa2f7",
      },
    },
    {
      "name": "Vue: Directive",
      "scope": [
        "entity.name.tag.directive.vue",
      ],
      "settings": {
        "fontStyle": "italic",
        "foreground": "#bb9af7",
      },
    },
    {
      "name": "Vue: Directive Attribute",
      "scope": [
        "entity.other.attribute-name.directive.vue",
      ],
      "settings": {
        "fontStyle": "italic",
        "foreground": "#ff9e64",
      },
    },
    {
      "name": "Vue: Composition API Functions",
      "scope": [
        "support.function.import.vue",
      ],
      "settings": {
        "foreground": "#7aa2f7",
      },
    },
    {
      "name": "Pinia: State",
      "scope": [
        "variable.other.property.state.pinia",
      ],
      "settings": {
        "foreground": "#e0af68",
      },
    },
    {
      "name": "Pinia: Getters",
      "scope": [
        "entity.name.function.getter.pinia",
        "variable.other.property.getter.pinia",
      ],
      "settings": {
        "fontStyle": "italic",
        "foreground": "#e0af68",
      },
    },
    {
      "name": "Pinia: Actions",
      "scope": [
        "entity.name.function.action.pinia",
      ],
      "settings": {
        "fontStyle": "bold",
        "foreground": "#7aa2f7",
      },
    },
  ],
  "type": "dark",
}
`;
